[INFO] Scanning for projects...
[INFO] 
[INFO] -------------------< com.course:course-registration >-------------------
[INFO] Building course-registration 0.0.1-SNAPSHOT
[INFO]   from pom.xml
[INFO] --------------------------------[ jar ]---------------------------------
[INFO] 
[INFO] >>> spring-boot:3.4.3:run (default-cli) > test-compile @ course-registration >>>
[INFO] 
[INFO] --- resources:3.3.1:resources (default-resources) @ course-registration ---
[INFO] Copying 1 resource from src\main\resources to target\classes
[INFO] Copying 6 resources from src\main\resources to target\classes
[INFO] 
[INFO] --- compiler:3.13.0:compile (default-compile) @ course-registration ---
[INFO] Nothing to compile - all classes are up to date.
[INFO] 
[INFO] --- resources:3.3.1:testResources (default-testResources) @ course-registration ---
[INFO] skip non existing resourceDirectory C:\course-registration\src\test\resources
[INFO] 
[INFO] --- compiler:3.13.0:testCompile (default-testCompile) @ course-registration ---
[INFO] Nothing to compile - all classes are up to date.
[INFO] 
[INFO] <<< spring-boot:3.4.3:run (default-cli) < test-compile @ course-registration <<<
[INFO] 
[INFO] 
[INFO] --- spring-boot:3.4.3:run (default-cli) @ course-registration ---
[INFO] Attaching agents: []

  .   ____          _            __ _ _
 /\\ / ___'_ __ _ _(_)_ __  __ _ \ \ \ \
( ( )\___ | '_ | '_| | '_ \/ _` | \ \ \ \
 \\/  ___)| |_)| | | | | || (_| |  ) ) ) )
  '  |____| .__|_| |_|_| |_\__, | / / / /
 =========|_|==============|___/=/_/_/_/

 :: Spring Boot ::                (v3.4.3)

2026-03-05T23:34:00.171+05:30  INFO 27936 --- [  restartedMain] c.c.r.CourseRegistrationApplication      : Starting CourseRegistrationApplication using Java 17.0.14 with PID 27936 (C:\course-registration\target\classes started by salma in C:\course-registration)
2026-03-05T23:34:00.174+05:30  INFO 27936 --- [  restartedMain] c.c.r.CourseRegistrationApplication      : No active profile set, falling back to 1 default profile: "default"
2026-03-05T23:34:00.224+05:30  INFO 27936 --- [  restartedMain] .e.DevToolsPropertyDefaultsPostProcessor : Devtools property defaults active! Set 'spring.devtools.add-properties' to 'false' to disable
2026-03-05T23:34:00.226+05:30  INFO 27936 --- [  restartedMain] .e.DevToolsPropertyDefaultsPostProcessor : For additional web related logging consider setting the 'logging.level.web' property to 'DEBUG'
2026-03-05T23:34:01.025+05:30  INFO 27936 --- [  restartedMain] .s.d.r.c.RepositoryConfigurationDelegate : Bootstrapping Spring Data JPA repositories in DEFAULT mode.
2026-03-05T23:34:01.149+05:30  INFO 27936 --- [  restartedMain] .s.d.r.c.RepositoryConfigurationDelegate : Finished Spring Data repository scanning in 110 ms. Found 3 JPA repository interfaces.
2026-03-05T23:34:01.969+05:30  INFO 27936 --- [  restartedMain] o.s.b.w.embedded.tomcat.TomcatWebServer  : Tomcat initialized with port 8080 (http)
2026-03-05T23:34:01.988+05:30  INFO 27936 --- [  restartedMain] o.apache.catalina.core.StandardService   : Starting service [Tomcat]
2026-03-05T23:34:01.989+05:30  INFO 27936 --- [  restartedMain] o.apache.catalina.core.StandardEngine    : Starting Servlet engine: [Apache Tomcat/10.1.36]
2026-03-05T23:34:02.053+05:30  INFO 27936 --- [  restartedMain] o.a.c.c.C.[Tomcat].[localhost].[/]       : Initializing Spring embedded WebApplicationContext
2026-03-05T23:34:02.055+05:30  INFO 27936 --- [  restartedMain] w.s.c.ServletWebServerApplicationContext : Root WebApplicationContext: initialization completed in 1828 ms
2026-03-05T23:34:02.197+05:30  INFO 27936 --- [  restartedMain] com.zaxxer.hikari.HikariDataSource       : HikariPool-1 - Starting...
2026-03-05T23:34:02.397+05:30  INFO 27936 --- [  restartedMain] com.zaxxer.hikari.pool.HikariPool        : HikariPool-1 - Added connection conn0: url=jdbc:h2:mem:09996d79-2929-4f78-a502-3c67a8ba4caf user=SA
2026-03-05T23:34:02.400+05:30  INFO 27936 --- [  restartedMain] com.zaxxer.hikari.HikariDataSource       : HikariPool-1 - Start completed.
2026-03-05T23:34:02.461+05:30  INFO 27936 --- [  restartedMain] o.hibernate.jpa.internal.util.LogHelper  : HHH000204: Processing PersistenceUnitInfo [name: default]
2026-03-05T23:34:02.535+05:30  INFO 27936 --- [  restartedMain] org.hibernate.Version                    : HHH000412: Hibernate ORM core version 6.6.8.Final
2026-03-05T23:34:02.583+05:30  INFO 27936 --- [  restartedMain] o.h.c.internal.RegionFactoryInitiator    : HHH000026: Second-level cache disabled
2026-03-05T23:34:02.965+05:30  INFO 27936 --- [  restartedMain] o.s.o.j.p.SpringPersistenceUnitInfo      : No LoadTimeWeaver setup: ignoring JPA class transformer
2026-03-05T23:34:03.109+05:30  INFO 27936 --- [  restartedMain] org.hibernate.orm.connections.pooling    : HHH10001005: Database info:
	Database JDBC URL [Connecting through datasource 'HikariDataSource (HikariPool-1)']
	Database driver: undefined/unknown
	Database version: 2.3.232
	Autocommit mode: undefined/unknown
	Isolation level: undefined/unknown
	Minimum pool size: undefined/unknown
	Maximum pool size: undefined/unknown
2026-03-05T23:34:03.967+05:30  INFO 27936 --- [  restartedMain] o.h.e.t.j.p.i.JtaPlatformInitiator       : HHH000489: No JTA platform available (set 'hibernate.transaction.jta.platform' to enable JTA platform integration)
2026-03-05T23:34:04.011+05:30  INFO 27936 --- [  restartedMain] j.LocalContainerEntityManagerFactoryBean : Initialized JPA EntityManagerFactory for persistence unit 'default'
2026-03-05T23:34:04.043+05:30  WARN 27936 --- [  restartedMain] JpaBaseConfiguration$JpaWebConfiguration : spring.jpa.open-in-view is enabled by default. Therefore, database queries may be performed during view rendering. Explicitly configure spring.jpa.open-in-view to disable this warning
2026-03-05T23:34:04.064+05:30  INFO 27936 --- [  restartedMain] o.s.b.a.w.s.WelcomePageHandlerMapping    : Adding welcome page template: index
2026-03-05T23:34:04.467+05:30  INFO 27936 --- [  restartedMain] o.s.b.a.h2.H2ConsoleAutoConfiguration    : H2 console available at '/h2-console'. Database available at 'jdbc:h2:mem:09996d79-2929-4f78-a502-3c67a8ba4caf'
2026-03-05T23:34:04.574+05:30  INFO 27936 --- [  restartedMain] o.s.b.d.a.OptionalLiveReloadServer       : LiveReload server is running on port 35729
2026-03-05T23:34:04.601+05:30  INFO 27936 --- [  restartedMain] o.s.b.w.embedded.tomcat.TomcatWebServer  : Tomcat started on port 8080 (http) with context path '/'
2026-03-05T23:34:04.607+05:30  INFO 27936 --- [  restartedMain] c.c.r.CourseRegistrationApplication      : Started CourseRegistrationApplication in 4.894 seconds (process running for 5.439)
2026-03-05T23:37:20.602+05:30  INFO 27936 --- [   File Watcher] rtingClassPathChangeChangedEventListener : Restarting due to 1 class path change (0 additions, 0 deletions, 1 modification)
2026-03-05T23:37:20.605+05:30  INFO 27936 --- [       Thread-5] o.s.b.w.e.tomcat.GracefulShutdown        : Commencing graceful shutdown. Waiting for active requests to complete
2026-03-05T23:37:20.733+05:30  INFO 27936 --- [tomcat-shutdown] o.s.b.w.e.tomcat.GracefulShutdown        : Graceful shutdown complete
2026-03-05T23:37:20.736+05:30  INFO 27936 --- [       Thread-5] j.LocalContainerEntityManagerFactoryBean : Closing JPA EntityManagerFactory for persistence unit 'default'
2026-03-05T23:37:20.742+05:30  WARN 27936 --- [       Thread-5] o.s.b.f.support.DisposableBeanAdapter    : Invocation of destroy method failed on bean with name 'inMemoryDatabaseShutdownExecutor': org.h2.jdbc.JdbcSQLNonTransientConnectionException: Database is already closed (to disable automatic closing at VM shutdown, add ";DB_CLOSE_ON_EXIT=FALSE" to the db URL) [90121-232]
2026-03-05T23:37:20.742+05:30  INFO 27936 --- [       Thread-5] com.zaxxer.hikari.HikariDataSource       : HikariPool-1 - Shutdown initiated...
2026-03-05T23:37:20.744+05:30  INFO 27936 --- [       Thread-5] com.zaxxer.hikari.HikariDataSource       : HikariPool-1 - Shutdown completed.

  .   ____          _            __ _ _
 /\\ / ___'_ __ _ _(_)_ __  __ _ \ \ \ \
( ( )\___ | '_ | '_| | '_ \/ _` | \ \ \ \
 \\/  ___)| |_)| | | | | || (_| |  ) ) ) )
  '  |____| .__|_| |_|_| |_\__, | / / / /
 =========|_|==============|___/=/_/_/_/

 :: Spring Boot ::                (v3.4.3)

2026-03-05T23:37:20.798+05:30  INFO 27936 --- [course-registration] [  restartedMain] c.c.r.CourseRegistrationApplication      : Starting CourseRegistrationApplication using Java 17.0.14 with PID 27936 (C:\course-registration\target\classes started by salma in C:\course-registration)
2026-03-05T23:37:20.798+05:30  INFO 27936 --- [course-registration] [  restartedMain] c.c.r.CourseRegistrationApplication      : No active profile set, falling back to 1 default profile: "default"
2026-03-05T23:37:20.932+05:30  INFO 27936 --- [course-registration] [  restartedMain] .s.d.r.c.RepositoryConfigurationDelegate : Bootstrapping Spring Data JPA repositories in DEFAULT mode.
2026-03-05T23:37:20.942+05:30  INFO 27936 --- [course-registration] [  restartedMain] .s.d.r.c.RepositoryConfigurationDelegate : Finished Spring Data repository scanning in 10 ms. Found 3 JPA repository interfaces.
2026-03-05T23:37:21.022+05:30  INFO 27936 --- [course-registration] [  restartedMain] o.s.b.w.embedded.tomcat.TomcatWebServer  : Tomcat initialized with port 8080 (http)
2026-03-05T23:37:21.023+05:30  INFO 27936 --- [course-registration] [  restartedMain] o.apache.catalina.core.StandardService   : Starting service [Tomcat]
2026-03-05T23:37:21.023+05:30  INFO 27936 --- [course-registration] [  restartedMain] o.apache.catalina.core.StandardEngine    : Starting Servlet engine: [Apache Tomcat/10.1.36]
2026-03-05T23:37:21.039+05:30  INFO 27936 --- [course-registration] [  restartedMain] o.a.c.c.C.[Tomcat].[localhost].[/]       : Initializing Spring embedded WebApplicationContext
2026-03-05T23:37:21.039+05:30  INFO 27936 --- [course-registration] [  restartedMain] w.s.c.ServletWebServerApplicationContext : Root WebApplicationContext: initialization completed in 239 ms
2026-03-05T23:37:21.066+05:30  INFO 27936 --- [course-registration] [  restartedMain] o.hibernate.jpa.internal.util.LogHelper  : HHH000204: Processing PersistenceUnitInfo [name: default]
2026-03-05T23:37:21.068+05:30  INFO 27936 --- [course-registration] [  restartedMain] o.h.c.internal.RegionFactoryInitiator    : HHH000026: Second-level cache disabled
2026-03-05T23:37:21.076+05:30  INFO 27936 --- [course-registration] [  restartedMain] o.s.o.j.p.SpringPersistenceUnitInfo      : No LoadTimeWeaver setup: ignoring JPA class transformer
2026-03-05T23:37:21.077+05:30  INFO 27936 --- [course-registration] [  restartedMain] com.zaxxer.hikari.HikariDataSource       : HikariPool-2 - Starting...
2026-03-05T23:37:21.102+05:30  INFO 27936 --- [course-registration] [  restartedMain] com.zaxxer.hikari.pool.HikariPool        : HikariPool-2 - Added connection conn10: url=jdbc:h2:file:./testdb user=SA
2026-03-05T23:37:21.102+05:30  INFO 27936 --- [course-registration] [  restartedMain] com.zaxxer.hikari.HikariDataSource       : HikariPool-2 - Start completed.
2026-03-05T23:37:21.103+05:30  WARN 27936 --- [course-registration] [  restartedMain] org.hibernate.orm.deprecation            : HHH90000025: H2Dialect does not need to be specified explicitly using 'hibernate.dialect' (remove the property setting and it will be selected by default)
2026-03-05T23:37:21.103+05:30  INFO 27936 --- [course-registration] [  restartedMain] org.hibernate.orm.connections.pooling    : HHH10001005: Database info:
	Database JDBC URL [Connecting through datasource 'HikariDataSource (HikariPool-2)']
	Database driver: undefined/unknown
	Database version: 2.3.232
	Autocommit mode: undefined/unknown
	Isolation level: undefined/unknown
	Minimum pool size: undefined/unknown
	Maximum pool size: undefined/unknown
2026-03-05T23:37:21.146+05:30  INFO 27936 --- [course-registration] [  restartedMain] o.h.e.t.j.p.i.JtaPlatformInitiator       : HHH000489: No JTA platform available (set 'hibernate.transaction.jta.platform' to enable JTA platform integration)
Hibernate: alter table if exists enrollments drop constraint if exists UKi0g6mfijtuh199nj653nva6j5
Hibernate: alter table if exists enrollments add constraint UKi0g6mfijtuh199nj653nva6j5 unique (student_id, course_id)
2026-03-05T23:37:21.171+05:30  INFO 27936 --- [course-registration] [  restartedMain] j.LocalContainerEntityManagerFactoryBean : Initialized JPA EntityManagerFactory for persistence unit 'default'
2026-03-05T23:37:21.273+05:30  INFO 27936 --- [course-registration] [  restartedMain] o.s.b.a.w.s.WelcomePageHandlerMapping    : Adding welcome page template: index
2026-03-05T23:37:21.334+05:30  INFO 27936 --- [course-registration] [  restartedMain] o.s.b.a.h2.H2ConsoleAutoConfiguration    : H2 console available at '/h2-console'. Database available at 'jdbc:h2:file:./testdb'
2026-03-05T23:37:21.345+05:30  INFO 27936 --- [course-registration] [  restartedMain] o.s.b.d.a.OptionalLiveReloadServer       : LiveReload server is running on port 35729
2026-03-05T23:37:21.361+05:30  INFO 27936 --- [course-registration] [  restartedMain] o.s.b.w.embedded.tomcat.TomcatWebServer  : Tomcat started on port 8080 (http) with context path '/'
2026-03-05T23:37:21.365+05:30  INFO 27936 --- [course-registration] [  restartedMain] o.s.j.c.CachingConnectionFactory         : Encountered a JMSException - resetting the underlying JMS Connection

jakarta.jms.JMSException: Could not create Transport. Reason: java.io.IOException: Transport scheme NOT recognized: [vm]
	at org.apache.activemq.util.JMSExceptionSupport.create(JMSExceptionSupport.java:49) ~[activemq-client-6.1.5.jar:6.1.5]
	at org.apache.activemq.ActiveMQConnectionFactory.createTransport(ActiveMQConnectionFactory.java:382) ~[activemq-client-6.1.5.jar:6.1.5]
	at org.apache.activemq.ActiveMQConnectionFactory.createActiveMQConnection(ActiveMQConnectionFactory.java:395) ~[activemq-client-6.1.5.jar:6.1.5]
	at org.apache.activemq.ActiveMQConnectionFactory.createActiveMQConnection(ActiveMQConnectionFactory.java:353) ~[activemq-client-6.1.5.jar:6.1.5]
	at org.apache.activemq.ActiveMQConnectionFactory.createConnection(ActiveMQConnectionFactory.java:245) ~[activemq-client-6.1.5.jar:6.1.5]
	at org.springframework.jms.support.JmsAccessor.createConnection(JmsAccessor.java:211) ~[spring-jms-6.2.3.jar:6.2.3]
	at org.springframework.jms.listener.AbstractJmsListeningContainer.createSharedConnection(AbstractJmsListeningContainer.java:439) ~[spring-jms-6.2.3.jar:6.2.3]
	at org.springframework.jms.listener.AbstractJmsListeningContainer.establishSharedConnection(AbstractJmsListeningContainer.java:402) ~[spring-jms-6.2.3.jar:6.2.3]
	at org.springframework.jms.listener.DefaultMessageListenerContainer.establishSharedConnection(DefaultMessageListenerContainer.java:1017) ~[spring-jms-6.2.3.jar:6.2.3]
	at org.springframework.jms.listener.AbstractJmsListeningContainer.doStart(AbstractJmsListeningContainer.java:305) ~[spring-jms-6.2.3.jar:6.2.3]
	at org.springframework.jms.listener.AbstractJmsListeningContainer.start(AbstractJmsListeningContainer.java:290) ~[spring-jms-6.2.3.jar:6.2.3]
	at org.springframework.jms.listener.DefaultMessageListenerContainer.start(DefaultMessageListenerContainer.java:787) ~[spring-jms-6.2.3.jar:6.2.3]
	at org.springframework.jms.config.JmsListenerEndpointRegistry.startIfNecessary(JmsListenerEndpointRegistry.java:242) ~[spring-jms-6.2.3.jar:6.2.3]
	at org.springframework.jms.config.JmsListenerEndpointRegistry.start(JmsListenerEndpointRegistry.java:205) ~[spring-jms-6.2.3.jar:6.2.3]
	at org.springframework.context.support.DefaultLifecycleProcessor.doStart(DefaultLifecycleProcessor.java:323) ~[spring-context-6.2.3.jar:6.2.3]
	at org.springframework.context.support.DefaultLifecycleProcessor$LifecycleGroup.start(DefaultLifecycleProcessor.java:510) ~[spring-context-6.2.3.jar:6.2.3]
	at java.base/java.lang.Iterable.forEach(Iterable.java:75) ~[na:na]
	at org.springframework.context.support.DefaultLifecycleProcessor.startBeans(DefaultLifecycleProcessor.java:295) ~[spring-context-6.2.3.jar:6.2.3]
	at org.springframework.context.support.DefaultLifecycleProcessor.onRefresh(DefaultLifecycleProcessor.java:240) ~[spring-context-6.2.3.jar:6.2.3]
	at org.springframework.context.support.AbstractApplicationContext.finishRefresh(AbstractApplicationContext.java:1006) ~[spring-context-6.2.3.jar:6.2.3]
	at org.springframework.context.support.AbstractApplicationContext.refresh(AbstractApplicationContext.java:630) ~[spring-context-6.2.3.jar:6.2.3]
	at org.springframework.boot.web.servlet.context.ServletWebServerApplicationContext.refresh(ServletWebServerApplicationContext.java:146) ~[spring-boot-3.4.3.jar:3.4.3]
	at org.springframework.boot.SpringApplication.refresh(SpringApplication.java:752) ~[spring-boot-3.4.3.jar:3.4.3]
	at org.springframework.boot.SpringApplication.refreshContext(SpringApplication.java:439) ~[spring-boot-3.4.3.jar:3.4.3]
	at org.springframework.boot.SpringApplication.run(SpringApplication.java:318) ~[spring-boot-3.4.3.jar:3.4.3]
	at org.springframework.boot.SpringApplication.run(SpringApplication.java:1361) ~[spring-boot-3.4.3.jar:3.4.3]
	at org.springframework.boot.SpringApplication.run(SpringApplication.java:1350) ~[spring-boot-3.4.3.jar:3.4.3]
	at com.course.registration.CourseRegistrationApplication.main(CourseRegistrationApplication.java:10) ~[classes/:na]
	at java.base/jdk.internal.reflect.NativeMethodAccessorImpl.invoke0(Native Method) ~[na:na]
	at java.base/jdk.internal.reflect.NativeMethodAccessorImpl.invoke(NativeMethodAccessorImpl.java:77) ~[na:na]
	at java.base/jdk.internal.reflect.DelegatingMethodAccessorImpl.invoke(DelegatingMethodAccessorImpl.java:43) ~[na:na]
	at java.base/java.lang.reflect.Method.invoke(Method.java:569) ~[na:na]
	at org.springframework.boot.devtools.restart.RestartLauncher.run(RestartLauncher.java:50) ~[spring-boot-devtools-3.4.3.jar:3.4.3]
Caused by: java.io.IOException: Transport scheme NOT recognized: [vm]
	at org.apache.activemq.util.IOExceptionSupport.create(IOExceptionSupport.java:30) ~[activemq-client-6.1.5.jar:6.1.5]
	at org.apache.activemq.transport.TransportFactory.findTransportFactory(TransportFactory.java:185) ~[activemq-client-6.1.5.jar:6.1.5]
	at org.apache.activemq.transport.TransportFactory.connect(TransportFactory.java:64) ~[activemq-client-6.1.5.jar:6.1.5]
	at org.apache.activemq.ActiveMQConnectionFactory.createTransport(ActiveMQConnectionFactory.java:380) ~[activemq-client-6.1.5.jar:6.1.5]
	... 31 common frames omitted
Caused by: java.io.IOException: Could not find factory class for resource: META-INF/services/org/apache/activemq/transport/vm
	at org.apache.activemq.util.FactoryFinder$StandaloneObjectFactory.loadProperties(FactoryFinder.java:104) ~[activemq-client-6.1.5.jar:6.1.5]
	at org.apache.activemq.util.FactoryFinder$StandaloneObjectFactory.create(FactoryFinder.java:61) ~[activemq-client-6.1.5.jar:6.1.5]
	at org.apache.activemq.util.FactoryFinder.newInstance(FactoryFinder.java:154) ~[activemq-client-6.1.5.jar:6.1.5]
	at org.apache.activemq.transport.TransportFactory.findTransportFactory(TransportFactory.java:182) ~[activemq-client-6.1.5.jar:6.1.5]
	... 33 common frames omitted

2026-03-05T23:37:21.372+05:30  INFO 27936 --- [course-registration] [  restartedMain] c.c.r.CourseRegistrationApplication      : Started CourseRegistrationApplication in 0.599 seconds (process running for 202.199)
Hibernate: select s1_0.id,s1_0.email,s1_0.name,s1_0.password from students s1_0
2026-03-05T23:37:26.374+05:30  INFO 27936 --- [course-registration] [ntContainer#0-1] o.s.j.c.CachingConnectionFactory         : Encountered a JMSException - resetting the underlying JMS Connection

jakarta.jms.JMSException: Could not create Transport. Reason: java.io.IOException: Transport scheme NOT recognized: [vm]
	at org.apache.activemq.util.JMSExceptionSupport.create(JMSExceptionSupport.java:49) ~[activemq-client-6.1.5.jar:6.1.5]
	at org.apache.activemq.ActiveMQConnectionFactory.createTransport(ActiveMQConnectionFactory.java:382) ~[activemq-client-6.1.5.jar:6.1.5]
	at org.apache.activemq.ActiveMQConnectionFactory.createActiveMQConnection(ActiveMQConnectionFactory.java:395) ~[activemq-client-6.1.5.jar:6.1.5]
	at org.apache.activemq.ActiveMQConnectionFactory.createActiveMQConnection(ActiveMQConnectionFactory.java:353) ~[activemq-client-6.1.5.jar:6.1.5]
	at org.apache.activemq.ActiveMQConnectionFactory.createConnection(ActiveMQConnectionFactory.java:245) ~[activemq-client-6.1.5.jar:6.1.5]
	at org.springframework.jms.support.JmsAccessor.createConnection(JmsAccessor.java:211) ~[spring-jms-6.2.3.jar:6.2.3]
	at org.springframework.jms.listener.AbstractJmsListeningContainer.createSharedConnection(AbstractJmsListeningContainer.java:439) ~[spring-jms-6.2.3.jar:6.2.3]
	at org.springframework.jms.listener.AbstractJmsListeningContainer.refreshSharedConnection(AbstractJmsListeningContainer.java:421) ~[spring-jms-6.2.3.jar:6.2.3]
	at org.springframework.jms.listener.DefaultMessageListenerContainer.refreshConnectionUntilSuccessful(DefaultMessageListenerContainer.java:1140) ~[spring-jms-6.2.3.jar:6.2.3]
	at org.springframework.jms.listener.DefaultMessageListenerContainer.recoverAfterListenerSetupFailure(DefaultMessageListenerContainer.java:1114) ~[spring-jms-6.2.3.jar:6.2.3]
	at org.springframework.jms.listener.DefaultMessageListenerContainer$AsyncMessageListenerInvoker.run(DefaultMessageListenerContainer.java:1314) ~[spring-jms-6.2.3.jar:6.2.3]
	at java.base/java.lang.Thread.run(Thread.java:840) ~[na:na]
Caused by: java.io.IOException: Transport scheme NOT recognized: [vm]
	at org.apache.activemq.util.IOExceptionSupport.create(IOExceptionSupport.java:30) ~[activemq-client-6.1.5.jar:6.1.5]
	at org.apache.activemq.transport.TransportFactory.findTransportFactory(TransportFactory.java:185) ~[activemq-client-6.1.5.jar:6.1.5]
	at org.apache.activemq.transport.TransportFactory.connect(TransportFactory.java:64) ~[activemq-client-6.1.5.jar:6.1.5]
	at org.apache.activemq.ActiveMQConnectionFactory.createTransport(ActiveMQConnectionFactory.java:380) ~[activemq-client-6.1.5.jar:6.1.5]
	... 10 common frames omitted
Caused by: java.io.IOException: Could not find factory class for resource: META-INF/services/org/apache/activemq/transport/vm
	at org.apache.activemq.util.FactoryFinder$StandaloneObjectFactory.loadProperties(FactoryFinder.java:104) ~[activemq-client-6.1.5.jar:6.1.5]
	at org.apache.activemq.util.FactoryFinder$StandaloneObjectFactory.create(FactoryFinder.java:61) ~[activemq-client-6.1.5.jar:6.1.5]
	at org.apache.activemq.util.FactoryFinder.newInstance(FactoryFinder.java:154) ~[activemq-client-6.1.5.jar:6.1.5]
	at org.apache.activemq.transport.TransportFactory.findTransportFactory(TransportFactory.java:182) ~[activemq-client-6.1.5.jar:6.1.5]
	... 12 common frames omitted

2026-03-05T23:37:26.376+05:30 ERROR 27936 --- [course-registration] [ntContainer#0-1] o.s.j.l.DefaultMessageListenerContainer  : Could not refresh JMS Connection for destination 'enrollment.notification.queue' - retrying using FixedBackOff{interval=5000, currentAttempts=0, maxAttempts=unlimited}. Cause: Could not create Transport. Reason: java.io.IOException: Transport scheme NOT recognized: [vm]
2026-03-05T23:37:31.376+05:30  INFO 27936 --- [course-registration] [ntContainer#0-1] o.s.j.c.CachingConnectionFactory         : Encountered a JMSException - resetting the underlying JMS Connection

jakarta.jms.JMSException: Could not create Transport. Reason: java.io.IOException: Transport scheme NOT recognized: [vm]
	at org.apache.activemq.util.JMSExceptionSupport.create(JMSExceptionSupport.java:49) ~[activemq-client-6.1.5.jar:6.1.5]
	at org.apache.activemq.ActiveMQConnectionFactory.createTransport(ActiveMQConnectionFactory.java:382) ~[activemq-client-6.1.5.jar:6.1.5]
	at org.apache.activemq.ActiveMQConnectionFactory.createActiveMQConnection(ActiveMQConnectionFactory.java:395) ~[activemq-client-6.1.5.jar:6.1.5]
	at org.apache.activemq.ActiveMQConnectionFactory.createActiveMQConnection(ActiveMQConnectionFactory.java:353) ~[activemq-client-6.1.5.jar:6.1.5]
	at org.apache.activemq.ActiveMQConnectionFactory.createConnection(ActiveMQConnectionFactory.java:245) ~[activemq-client-6.1.5.jar:6.1.5]
	at org.springframework.jms.support.JmsAccessor.createConnection(JmsAccessor.java:211) ~[spring-jms-6.2.3.jar:6.2.3]
	at org.springframework.jms.listener.AbstractJmsListeningContainer.createSharedConnection(AbstractJmsListeningContainer.java:439) ~[spring-jms-6.2.3.jar:6.2.3]
	at org.springframework.jms.listener.AbstractJmsListeningContainer.refreshSharedConnection(AbstractJmsListeningContainer.java:421) ~[spring-jms-6.2.3.jar:6.2.3]
	at org.springframework.jms.listener.DefaultMessageListenerContainer.refreshConnectionUntilSuccessful(DefaultMessageListenerContainer.java:1140) ~[spring-jms-6.2.3.jar:6.2.3]
	at org.springframework.jms.listener.DefaultMessageListenerContainer.recoverAfterListenerSetupFailure(DefaultMessageListenerContainer.java:1114) ~[spring-jms-6.2.3.jar:6.2.3]
	at org.springframework.jms.listener.DefaultMessageListenerContainer$AsyncMessageListenerInvoker.run(DefaultMessageListenerContainer.java:1314) ~[spring-jms-6.2.3.jar:6.2.3]
	at java.base/java.lang.Thread.run(Thread.java:840) ~[na:na]
Caused by: java.io.IOException: Transport scheme NOT recognized: [vm]
	at org.apache.activemq.util.IOExceptionSupport.create(IOExceptionSupport.java:30) ~[activemq-client-6.1.5.jar:6.1.5]
	at org.apache.activemq.transport.TransportFactory.findTransportFactory(TransportFactory.java:185) ~[activemq-client-6.1.5.jar:6.1.5]
	at org.apache.activemq.transport.TransportFactory.connect(TransportFactory.java:64) ~[activemq-client-6.1.5.jar:6.1.5]
	at org.apache.activemq.ActiveMQConnectionFactory.createTransport(ActiveMQConnectionFactory.java:380) ~[activemq-client-6.1.5.jar:6.1.5]
	... 10 common frames omitted
Caused by: java.io.IOException: Could not find factory class for resource: META-INF/services/org/apache/activemq/transport/vm
	at org.apache.activemq.util.FactoryFinder$StandaloneObjectFactory.loadProperties(FactoryFinder.java:104) ~[activemq-client-6.1.5.jar:6.1.5]
	at org.apache.activemq.util.FactoryFinder$StandaloneObjectFactory.create(FactoryFinder.java:61) ~[activemq-client-6.1.5.jar:6.1.5]
	at org.apache.activemq.util.FactoryFinder.newInstance(FactoryFinder.java:154) ~[activemq-client-6.1.5.jar:6.1.5]
	at org.apache.activemq.transport.TransportFactory.findTransportFactory(TransportFactory.java:182) ~[activemq-client-6.1.5.jar:6.1.5]
	... 12 common frames omitted

2026-03-05T23:37:31.377+05:30 ERROR 27936 --- [course-registration] [ntContainer#0-1] o.s.j.l.DefaultMessageListenerContainer  : Could not refresh JMS Connection for destination 'enrollment.notification.queue' - retrying using FixedBackOff{interval=5000, currentAttempts=1, maxAttempts=unlimited}. Cause: Could not create Transport. Reason: java.io.IOException: Transport scheme NOT recognized: [vm]
