
  .   ____          _            __ _ _
 /\\ / ___'_ __ _ _(_)_ __  __ _ \ \ \ \
( ( )\___ | '_ | '_| | '_ \/ _` | \ \ \ \
 \\/  ___)| |_)| | | | | || (_| |  ) ) ) )
  '  |____| .__|_| |_|_| |_\__, | / / / /
 =========|_|==============|___/=/_/_/_/

 :: Spring Boot ::                (v3.4.3)

2026-03-05T23:46:37.382+05:30  INFO 31656 --- [course-registration] [           main] c.c.r.CourseRegistrationApplication      : Starting CourseRegistrationApplication v0.0.1-SNAPSHOT using Java 17.0.14 with PID 31656 (C:\course-registration\target\course-registration-0.0.1-SNAPSHOT.jar started by salma in C:\course-registration)
2026-03-05T23:46:37.392+05:30  INFO 31656 --- [course-registration] [           main] c.c.r.CourseRegistrationApplication      : No active profile set, falling back to 1 default profile: "default"
2026-03-05T23:46:38.309+05:30  INFO 31656 --- [course-registration] [           main] .s.d.r.c.RepositoryConfigurationDelegate : Bootstrapping Spring Data JPA repositories in DEFAULT mode.
2026-03-05T23:46:38.396+05:30  INFO 31656 --- [course-registration] [           main] .s.d.r.c.RepositoryConfigurationDelegate : Finished Spring Data repository scanning in 64 ms. Found 3 JPA repository interfaces.
2026-03-05T23:46:39.170+05:30  INFO 31656 --- [course-registration] [           main] o.s.b.w.embedded.tomcat.TomcatWebServer  : Tomcat initialized with port 8080 (http)
2026-03-05T23:46:39.186+05:30  INFO 31656 --- [course-registration] [           main] o.apache.catalina.core.StandardService   : Starting service [Tomcat]
2026-03-05T23:46:39.186+05:30  INFO 31656 --- [course-registration] [           main] o.apache.catalina.core.StandardEngine    : Starting Servlet engine: [Apache Tomcat/10.1.36]
2026-03-05T23:46:39.231+05:30  INFO 31656 --- [course-registration] [           main] o.a.c.c.C.[Tomcat].[localhost].[/]       : Initializing Spring embedded WebApplicationContext
2026-03-05T23:46:39.233+05:30  INFO 31656 --- [course-registration] [           main] w.s.c.ServletWebServerApplicationContext : Root WebApplicationContext: initialization completed in 1749 ms
2026-03-05T23:46:39.508+05:30  INFO 31656 --- [course-registration] [           main] o.hibernate.jpa.internal.util.LogHelper  : HHH000204: Processing PersistenceUnitInfo [name: default]
2026-03-05T23:46:39.633+05:30  INFO 31656 --- [course-registration] [           main] org.hibernate.Version                    : HHH000412: Hibernate ORM core version 6.6.8.Final
2026-03-05T23:46:39.712+05:30  INFO 31656 --- [course-registration] [           main] o.h.c.internal.RegionFactoryInitiator    : HHH000026: Second-level cache disabled
2026-03-05T23:46:40.175+05:30  INFO 31656 --- [course-registration] [           main] o.s.o.j.p.SpringPersistenceUnitInfo      : No LoadTimeWeaver setup: ignoring JPA class transformer
2026-03-05T23:46:40.218+05:30  INFO 31656 --- [course-registration] [           main] com.zaxxer.hikari.HikariDataSource       : HikariPool-1 - Starting...
2026-03-05T23:46:40.479+05:30  INFO 31656 --- [course-registration] [           main] com.zaxxer.hikari.pool.HikariPool        : HikariPool-1 - Added connection conn0: url=jdbc:h2:file:./testdb user=SA
2026-03-05T23:46:40.481+05:30  INFO 31656 --- [course-registration] [           main] com.zaxxer.hikari.HikariDataSource       : HikariPool-1 - Start completed.
2026-03-05T23:46:40.502+05:30  WARN 31656 --- [course-registration] [           main] org.hibernate.orm.deprecation            : HHH90000025: H2Dialect does not need to be specified explicitly using 'hibernate.dialect' (remove the property setting and it will be selected by default)
2026-03-05T23:46:40.522+05:30  INFO 31656 --- [course-registration] [           main] org.hibernate.orm.connections.pooling    : HHH10001005: Database info:
	Database JDBC URL [Connecting through datasource 'HikariDataSource (HikariPool-1)']
	Database driver: undefined/unknown
	Database version: 2.3.232
	Autocommit mode: undefined/unknown
	Isolation level: undefined/unknown
	Minimum pool size: undefined/unknown
	Maximum pool size: undefined/unknown
2026-03-05T23:46:41.303+05:30  INFO 31656 --- [course-registration] [           main] o.h.e.t.j.p.i.JtaPlatformInitiator       : HHH000489: No JTA platform available (set 'hibernate.transaction.jta.platform' to enable JTA platform integration)
Hibernate: create table courses (id bigint generated by default as identity, available_seats integer not null, course_name varchar(255) not null, primary key (id))
Hibernate: create table enrollments (id bigint generated by default as identity, enrollment_date timestamp(6), course_id bigint not null, student_id bigint not null, primary key (id))
Hibernate: create table students (id bigint generated by default as identity, email varchar(255) not null, name varchar(255), password varchar(255) not null, primary key (id))
Hibernate: alter table if exists enrollments drop constraint if exists UKi0g6mfijtuh199nj653nva6j5
Hibernate: alter table if exists enrollments add constraint UKi0g6mfijtuh199nj653nva6j5 unique (student_id, course_id)
Hibernate: alter table if exists students drop constraint if exists UKe2rndfrsx22acpq2ty1caeuyw
Hibernate: alter table if exists students add constraint UKe2rndfrsx22acpq2ty1caeuyw unique (email)
Hibernate: alter table if exists enrollments add constraint FKho8mcicp4196ebpltdn9wl6co foreign key (course_id) references courses
Hibernate: alter table if exists enrollments add constraint FK8kf1u1857xgo56xbfmnif2c51 foreign key (student_id) references students
2026-03-05T23:46:41.369+05:30  INFO 31656 --- [course-registration] [           main] j.LocalContainerEntityManagerFactoryBean : Initialized JPA EntityManagerFactory for persistence unit 'default'
2026-03-05T23:46:42.243+05:30  INFO 31656 --- [course-registration] [           main] o.s.b.a.w.s.WelcomePageHandlerMapping    : Adding welcome page template: index
2026-03-05T23:46:43.156+05:30  INFO 31656 --- [course-registration] [           main] o.s.b.w.embedded.tomcat.TomcatWebServer  : Tomcat started on port 8080 (http) with context path '/'
2026-03-05T23:46:43.395+05:30  INFO 31656 --- [course-registration] [           main] o.apache.activemq.broker.BrokerService   : Using Persistence Adapter: MemoryPersistenceAdapter
2026-03-05T23:46:43.395+05:30  INFO 31656 --- [course-registration] [           main] o.apache.activemq.broker.BrokerService   : Starting Persistence Adapter: MemoryPersistenceAdapter
2026-03-05T23:46:43.396+05:30  INFO 31656 --- [course-registration] [           main] o.apache.activemq.broker.BrokerService   : Starting Temp Data Store
2026-03-05T23:46:43.397+05:30  INFO 31656 --- [course-registration] [           main] o.apache.activemq.broker.BrokerService   : Starting Job Scheduler Store
2026-03-05T23:46:43.398+05:30  INFO 31656 --- [course-registration] [           main] o.apache.activemq.broker.BrokerService   : Persistence Adapter successfully started
2026-03-05T23:46:43.550+05:30  INFO 31656 --- [course-registration] [           main] o.apache.activemq.broker.BrokerService   : Apache ActiveMQ 6.1.5 (embedded, ID:SALMON_TONY-63714-1772734603419-0:1) is starting
2026-03-05T23:46:43.556+05:30  INFO 31656 --- [course-registration] [           main] o.apache.activemq.broker.BrokerService   : Apache ActiveMQ 6.1.5 (embedded, ID:SALMON_TONY-63714-1772734603419-0:1) started
2026-03-05T23:46:43.557+05:30  INFO 31656 --- [course-registration] [           main] o.apache.activemq.broker.BrokerService   : For help or more information please see: http://activemq.apache.org
2026-03-05T23:46:43.586+05:30  INFO 31656 --- [course-registration] [           main] o.a.activemq.broker.TransportConnector   : Connector vm://embedded started
2026-03-05T23:46:43.635+05:30  INFO 31656 --- [course-registration] [           main] c.c.r.CourseRegistrationApplication      : Started CourseRegistrationApplication in 6.862 seconds (process running for 7.471)
Hibernate: select s1_0.id,s1_0.email,s1_0.name,s1_0.password from students s1_0
Hibernate: select c1_0.id,c1_0.available_seats,c1_0.course_name from courses c1_0
Seeding database with initial data...
Hibernate: insert into students (email,name,password,id) values (?,?,?,default)
Hibernate: insert into students (email,name,password,id) values (?,?,?,default)
Hibernate: insert into students (email,name,password,id) values (?,?,?,default)
Hibernate: insert into students (email,name,password,id) values (?,?,?,default)
Hibernate: insert into students (email,name,password,id) values (?,?,?,default)
Hibernate: insert into students (email,name,password,id) values (?,?,?,default)
Hibernate: insert into students (email,name,password,id) values (?,?,?,default)
Hibernate: insert into students (email,name,password,id) values (?,?,?,default)
Hibernate: insert into students (email,name,password,id) values (?,?,?,default)
Hibernate: insert into students (email,name,password,id) values (?,?,?,default)
Hibernate: insert into students (email,name,password,id) values (?,?,?,default)
Hibernate: insert into students (email,name,password,id) values (?,?,?,default)
Hibernate: insert into students (email,name,password,id) values (?,?,?,default)
Hibernate: insert into students (email,name,password,id) values (?,?,?,default)
Hibernate: insert into students (email,name,password,id) values (?,?,?,default)
Hibernate: insert into courses (available_seats,course_name,id) values (?,?,default)
Hibernate: insert into courses (available_seats,course_name,id) values (?,?,default)
Hibernate: insert into courses (available_seats,course_name,id) values (?,?,default)
Hibernate: insert into courses (available_seats,course_name,id) values (?,?,default)
Hibernate: insert into courses (available_seats,course_name,id) values (?,?,default)
Hibernate: insert into courses (available_seats,course_name,id) values (?,?,default)
Hibernate: insert into courses (available_seats,course_name,id) values (?,?,default)
Hibernate: insert into courses (available_seats,course_name,id) values (?,?,default)
Hibernate: insert into courses (available_seats,course_name,id) values (?,?,default)
Hibernate: insert into courses (available_seats,course_name,id) values (?,?,default)
Hibernate: insert into courses (available_seats,course_name,id) values (?,?,default)
Hibernate: insert into courses (available_seats,course_name,id) values (?,?,default)
Hibernate: select s1_0.id,s1_0.email,s1_0.name,s1_0.password from students s1_0 where s1_0.id=?
Hibernate: select c1_0.id,c1_0.available_seats,c1_0.course_name from courses c1_0 where c1_0.id=?
Hibernate: select e1_0.id from enrollments e1_0 left join students s1_0 on s1_0.id=e1_0.student_id left join courses c1_0 on c1_0.id=e1_0.course_id where s1_0.id=? and c1_0.id=? fetch first ? rows only
Hibernate: insert into enrollments (course_id,enrollment_date,student_id,id) values (?,?,?,default)
[JMS PRODUCER] Notification sent to queue: Student [Alice Smith] has successfully enrolled in course [CS101: Intro to Computer Science].
Hibernate: update courses set available_seats=?,course_name=? where id=?
========================================================
[EMAIL NOTIFICATION] Processing message from queue...
[EMAIL NOTIFICATION] Student [Alice Smith] has successfully enrolled in course [CS101: Intro to Computer Science].
[EMAIL NOTIFICATION] Email sent successfully (simulated).
========================================================
Hibernate: select s1_0.id,s1_0.email,s1_0.name,s1_0.password from students s1_0 where s1_0.id=?
Hibernate: select c1_0.id,c1_0.available_seats,c1_0.course_name from courses c1_0 where c1_0.id=?
Hibernate: select e1_0.id from enrollments e1_0 left join students s1_0 on s1_0.id=e1_0.student_id left join courses c1_0 on c1_0.id=e1_0.course_id where s1_0.id=? and c1_0.id=? fetch first ? rows only
Hibernate: insert into enrollments (course_id,enrollment_date,student_id,id) values (?,?,?,default)
[JMS PRODUCER] Notification sent to queue: Student [Alice Smith] has successfully enrolled in course [ENG201: Modern Literature].
========================================================
[EMAIL NOTIFICATION] Processing message from queue...
[EMAIL NOTIFICATION] Student [Alice Smith] has successfully enrolled in course [ENG201: Modern Literature].
[EMAIL NOTIFICATION] Email sent successfully (simulated).
========================================================
Hibernate: update courses set available_seats=?,course_name=? where id=?
Hibernate: select s1_0.id,s1_0.email,s1_0.name,s1_0.password from students s1_0 where s1_0.id=?
Hibernate: select c1_0.id,c1_0.available_seats,c1_0.course_name from courses c1_0 where c1_0.id=?
Hibernate: select e1_0.id from enrollments e1_0 left join students s1_0 on s1_0.id=e1_0.student_id left join courses c1_0 on c1_0.id=e1_0.course_id where s1_0.id=? and c1_0.id=? fetch first ? rows only
Hibernate: insert into enrollments (course_id,enrollment_date,student_id,id) values (?,?,?,default)
[JMS PRODUCER] Notification sent to queue: Student [Alice Smith] has successfully enrolled in course [CS305: Artificial Intelligence].
========================================================
[EMAIL NOTIFICATION] Processing message from queue...
[EMAIL NOTIFICATION] Student [Alice Smith] has successfully enrolled in course [CS305: Artificial Intelligence].
[EMAIL NOTIFICATION] Email sent successfully (simulated).
========================================================
Hibernate: update courses set available_seats=?,course_name=? where id=?
Hibernate: select s1_0.id,s1_0.email,s1_0.name,s1_0.password from students s1_0 where s1_0.id=?
Hibernate: select c1_0.id,c1_0.available_seats,c1_0.course_name from courses c1_0 where c1_0.id=?
Hibernate: select e1_0.id from enrollments e1_0 left join students s1_0 on s1_0.id=e1_0.student_id left join courses c1_0 on c1_0.id=e1_0.course_id where s1_0.id=? and c1_0.id=? fetch first ? rows only
Hibernate: insert into enrollments (course_id,enrollment_date,student_id,id) values (?,?,?,default)
[JMS PRODUCER] Notification sent to queue: Student [Bob Johnson] has successfully enrolled in course [CS101: Intro to Computer Science].
========================================================
[EMAIL NOTIFICATION] Processing message from queue...
[EMAIL NOTIFICATION] Student [Bob Johnson] has successfully enrolled in course [CS101: Intro to Computer Science].
[EMAIL NOTIFICATION] Email sent successfully (simulated).
========================================================
Hibernate: update courses set available_seats=?,course_name=? where id=?
Hibernate: select s1_0.id,s1_0.email,s1_0.name,s1_0.password from students s1_0 where s1_0.id=?
Hibernate: select c1_0.id,c1_0.available_seats,c1_0.course_name from courses c1_0 where c1_0.id=?
Hibernate: select e1_0.id from enrollments e1_0 left join students s1_0 on s1_0.id=e1_0.student_id left join courses c1_0 on c1_0.id=e1_0.course_id where s1_0.id=? and c1_0.id=? fetch first ? rows only
Hibernate: insert into enrollments (course_id,enrollment_date,student_id,id) values (?,?,?,default)
[JMS PRODUCER] Notification sent to queue: Student [Bob Johnson] has successfully enrolled in course [MTH301: Calculus III].
========================================================
[EMAIL NOTIFICATION] Processing message from queue...
Hibernate: update courses set available_seats=?,course_name=? where id=?
[EMAIL NOTIFICATION] Student [Bob Johnson] has successfully enrolled in course [MTH301: Calculus III].
[EMAIL NOTIFICATION] Email sent successfully (simulated).
========================================================
Hibernate: select s1_0.id,s1_0.email,s1_0.name,s1_0.password from students s1_0 where s1_0.id=?
Hibernate: select c1_0.id,c1_0.available_seats,c1_0.course_name from courses c1_0 where c1_0.id=?
Hibernate: select e1_0.id from enrollments e1_0 left join students s1_0 on s1_0.id=e1_0.student_id left join courses c1_0 on c1_0.id=e1_0.course_id where s1_0.id=? and c1_0.id=? fetch first ? rows only
Hibernate: insert into enrollments (course_id,enrollment_date,student_id,id) values (?,?,?,default)
[JMS PRODUCER] Notification sent to queue: Student [Charlie Brown] has successfully enrolled in course [CS305: Artificial Intelligence].
========================================================
[EMAIL NOTIFICATION] Processing message from queue...
[EMAIL NOTIFICATION] Student [Charlie Brown] has successfully enrolled in course [CS305: Artificial Intelligence].
[EMAIL NOTIFICATION] Email sent successfully (simulated).
========================================================
Hibernate: update courses set available_seats=?,course_name=? where id=?
Hibernate: select s1_0.id,s1_0.email,s1_0.name,s1_0.password from students s1_0 where s1_0.id=?
Hibernate: select c1_0.id,c1_0.available_seats,c1_0.course_name from courses c1_0 where c1_0.id=?
Hibernate: select e1_0.id from enrollments e1_0 left join students s1_0 on s1_0.id=e1_0.student_id left join courses c1_0 on c1_0.id=e1_0.course_id where s1_0.id=? and c1_0.id=? fetch first ? rows only
Hibernate: insert into enrollments (course_id,enrollment_date,student_id,id) values (?,?,?,default)
[JMS PRODUCER] Notification sent to queue: Student [Charlie Brown] has successfully enrolled in course [ECO101: Microeconomics].
========================================================
[EMAIL NOTIFICATION] Processing message from queue...
[EMAIL NOTIFICATION] Student [Charlie Brown] has successfully enrolled in course [ECO101: Microeconomics].
[EMAIL NOTIFICATION] Email sent successfully (simulated).
Hibernate: update courses set available_seats=?,course_name=? where id=?
========================================================
Hibernate: select s1_0.id,s1_0.email,s1_0.name,s1_0.password from students s1_0 where s1_0.id=?
Hibernate: select c1_0.id,c1_0.available_seats,c1_0.course_name from courses c1_0 where c1_0.id=?
Hibernate: select e1_0.id from enrollments e1_0 left join students s1_0 on s1_0.id=e1_0.student_id left join courses c1_0 on c1_0.id=e1_0.course_id where s1_0.id=? and c1_0.id=? fetch first ? rows only
Hibernate: insert into enrollments (course_id,enrollment_date,student_id,id) values (?,?,?,default)
[JMS PRODUCER] Notification sent to queue: Student [Charlie Brown] has successfully enrolled in course [PSY101: Psychology].
========================================================
[EMAIL NOTIFICATION] Processing message from queue...
[EMAIL NOTIFICATION] Student [Charlie Brown] has successfully enrolled in course [PSY101: Psychology].
[EMAIL NOTIFICATION] Email sent successfully (simulated).
========================================================
Hibernate: update courses set available_seats=?,course_name=? where id=?
Hibernate: select s1_0.id,s1_0.email,s1_0.name,s1_0.password from students s1_0 where s1_0.id=?
Hibernate: select c1_0.id,c1_0.available_seats,c1_0.course_name from courses c1_0 where c1_0.id=?
Hibernate: select e1_0.id from enrollments e1_0 left join students s1_0 on s1_0.id=e1_0.student_id left join courses c1_0 on c1_0.id=e1_0.course_id where s1_0.id=? and c1_0.id=? fetch first ? rows only
Hibernate: insert into enrollments (course_id,enrollment_date,student_id,id) values (?,?,?,default)
[JMS PRODUCER] Notification sent to queue: Student [Diana Prince] has successfully enrolled in course [ENG201: Modern Literature].
========================================================
[EMAIL NOTIFICATION] Processing message from queue...
Hibernate: update courses set available_seats=?,course_name=? where id=?
[EMAIL NOTIFICATION] Student [Diana Prince] has successfully enrolled in course [ENG201: Modern Literature].
[EMAIL NOTIFICATION] Email sent successfully (simulated).
========================================================
Hibernate: select s1_0.id,s1_0.email,s1_0.name,s1_0.password from students s1_0 where s1_0.id=?
Hibernate: select c1_0.id,c1_0.available_seats,c1_0.course_name from courses c1_0 where c1_0.id=?
Hibernate: select e1_0.id from enrollments e1_0 left join students s1_0 on s1_0.id=e1_0.student_id left join courses c1_0 on c1_0.id=e1_0.course_id where s1_0.id=? and c1_0.id=? fetch first ? rows only
Hibernate: insert into enrollments (course_id,enrollment_date,student_id,id) values (?,?,?,default)
[JMS PRODUCER] Notification sent to queue: Student [Diana Prince] has successfully enrolled in course [PHY101: Physics for Beginners].
========================================================
[EMAIL NOTIFICATION] Processing message from queue...
Hibernate: update courses set available_seats=?,course_name=? where id=?
[EMAIL NOTIFICATION] Student [Diana Prince] has successfully enrolled in course [PHY101: Physics for Beginners].
[EMAIL NOTIFICATION] Email sent successfully (simulated).
========================================================
Hibernate: select s1_0.id,s1_0.email,s1_0.name,s1_0.password from students s1_0 where s1_0.id=?
Hibernate: select c1_0.id,c1_0.available_seats,c1_0.course_name from courses c1_0 where c1_0.id=?
Hibernate: select e1_0.id from enrollments e1_0 left join students s1_0 on s1_0.id=e1_0.student_id left join courses c1_0 on c1_0.id=e1_0.course_id where s1_0.id=? and c1_0.id=? fetch first ? rows only
Hibernate: insert into enrollments (course_id,enrollment_date,student_id,id) values (?,?,?,default)
[JMS PRODUCER] Notification sent to queue: Student [Diana Prince] has successfully enrolled in course [HIS102: World History].
========================================================
[EMAIL NOTIFICATION] Processing message from queue...
[EMAIL NOTIFICATION] Student [Diana Prince] has successfully enrolled in course [HIS102: World History].
[EMAIL NOTIFICATION] Email sent successfully (simulated).
========================================================
Hibernate: update courses set available_seats=?,course_name=? where id=?
Hibernate: select s1_0.id,s1_0.email,s1_0.name,s1_0.password from students s1_0 where s1_0.id=?
Hibernate: select c1_0.id,c1_0.available_seats,c1_0.course_name from courses c1_0 where c1_0.id=?
Hibernate: select e1_0.id from enrollments e1_0 left join students s1_0 on s1_0.id=e1_0.student_id left join courses c1_0 on c1_0.id=e1_0.course_id where s1_0.id=? and c1_0.id=? fetch first ? rows only
Hibernate: insert into enrollments (course_id,enrollment_date,student_id,id) values (?,?,?,default)
[JMS PRODUCER] Notification sent to queue: Student [Evan Wright] has successfully enrolled in course [CS101: Intro to Computer Science].
========================================================
[EMAIL NOTIFICATION] Processing message from queue...
[EMAIL NOTIFICATION] Student [Evan Wright] has successfully enrolled in course [CS101: Intro to Computer Science].
[EMAIL NOTIFICATION] Email sent successfully (simulated).
========================================================
Hibernate: update courses set available_seats=?,course_name=? where id=?
Hibernate: select s1_0.id,s1_0.email,s1_0.name,s1_0.password from students s1_0 where s1_0.id=?
Hibernate: select c1_0.id,c1_0.available_seats,c1_0.course_name from courses c1_0 where c1_0.id=?
Hibernate: select e1_0.id from enrollments e1_0 left join students s1_0 on s1_0.id=e1_0.student_id left join courses c1_0 on c1_0.id=e1_0.course_id where s1_0.id=? and c1_0.id=? fetch first ? rows only
Hibernate: insert into enrollments (course_id,enrollment_date,student_id,id) values (?,?,?,default)
[JMS PRODUCER] Notification sent to queue: Student [Evan Wright] has successfully enrolled in course [CS305: Artificial Intelligence].
========================================================
[EMAIL NOTIFICATION] Processing message from queue...
Hibernate: update courses set available_seats=?,course_name=? where id=?
[EMAIL NOTIFICATION] Student [Evan Wright] has successfully enrolled in course [CS305: Artificial Intelligence].
[EMAIL NOTIFICATION] Email sent successfully (simulated).
========================================================
Hibernate: select s1_0.id,s1_0.email,s1_0.name,s1_0.password from students s1_0 where s1_0.id=?
Hibernate: select c1_0.id,c1_0.available_seats,c1_0.course_name from courses c1_0 where c1_0.id=?
Hibernate: select e1_0.id from enrollments e1_0 left join students s1_0 on s1_0.id=e1_0.student_id left join courses c1_0 on c1_0.id=e1_0.course_id where s1_0.id=? and c1_0.id=? fetch first ? rows only
Hibernate: insert into enrollments (course_id,enrollment_date,student_id,id) values (?,?,?,default)
[JMS PRODUCER] Notification sent to queue: Student [Fiona Gallagher] has successfully enrolled in course [BIO201: Cell Biology].
========================================================
[EMAIL NOTIFICATION] Processing message from queue...
[EMAIL NOTIFICATION] Student [Fiona Gallagher] has successfully enrolled in course [BIO201: Cell Biology].
Hibernate: update courses set available_seats=?,course_name=? where id=?
[EMAIL NOTIFICATION] Email sent successfully (simulated).
========================================================
Hibernate: select s1_0.id,s1_0.email,s1_0.name,s1_0.password from students s1_0 where s1_0.id=?
Hibernate: select c1_0.id,c1_0.available_seats,c1_0.course_name from courses c1_0 where c1_0.id=?
Hibernate: select e1_0.id from enrollments e1_0 left join students s1_0 on s1_0.id=e1_0.student_id left join courses c1_0 on c1_0.id=e1_0.course_id where s1_0.id=? and c1_0.id=? fetch first ? rows only
Hibernate: insert into enrollments (course_id,enrollment_date,student_id,id) values (?,?,?,default)
[JMS PRODUCER] Notification sent to queue: Student [Fiona Gallagher] has successfully enrolled in course [CHM101: General Chemistry].
========================================================
[EMAIL NOTIFICATION] Processing message from queue...
[EMAIL NOTIFICATION] Student [Fiona Gallagher] has successfully enrolled in course [CHM101: General Chemistry].
[EMAIL NOTIFICATION] Email sent successfully (simulated).
========================================================
Hibernate: update courses set available_seats=?,course_name=? where id=?
Hibernate: select s1_0.id,s1_0.email,s1_0.name,s1_0.password from students s1_0 where s1_0.id=?
Hibernate: select c1_0.id,c1_0.available_seats,c1_0.course_name from courses c1_0 where c1_0.id=?
Hibernate: select e1_0.id from enrollments e1_0 left join students s1_0 on s1_0.id=e1_0.student_id left join courses c1_0 on c1_0.id=e1_0.course_id where s1_0.id=? and c1_0.id=? fetch first ? rows only
Hibernate: insert into enrollments (course_id,enrollment_date,student_id,id) values (?,?,?,default)
[JMS PRODUCER] Notification sent to queue: Student [George Miller] has successfully enrolled in course [ECO101: Microeconomics].
========================================================
[EMAIL NOTIFICATION] Processing message from queue...
[EMAIL NOTIFICATION] Student [George Miller] has successfully enrolled in course [ECO101: Microeconomics].
[EMAIL NOTIFICATION] Email sent successfully (simulated).
========================================================
Hibernate: update courses set available_seats=?,course_name=? where id=?
Hibernate: select s1_0.id,s1_0.email,s1_0.name,s1_0.password from students s1_0 where s1_0.id=?
Hibernate: select c1_0.id,c1_0.available_seats,c1_0.course_name from courses c1_0 where c1_0.id=?
Hibernate: select e1_0.id from enrollments e1_0 left join students s1_0 on s1_0.id=e1_0.student_id left join courses c1_0 on c1_0.id=e1_0.course_id where s1_0.id=? and c1_0.id=? fetch first ? rows only
Hibernate: insert into enrollments (course_id,enrollment_date,student_id,id) values (?,?,?,default)
[JMS PRODUCER] Notification sent to queue: Student [George Miller] has successfully enrolled in course [SOC101: Sociology].
========================================================
[EMAIL NOTIFICATION] Processing message from queue...
Hibernate: update courses set available_seats=?,course_name=? where id=?
[EMAIL NOTIFICATION] Student [George Miller] has successfully enrolled in course [SOC101: Sociology].
[EMAIL NOTIFICATION] Email sent successfully (simulated).
========================================================
Hibernate: select s1_0.id,s1_0.email,s1_0.name,s1_0.password from students s1_0 where s1_0.id=?
Hibernate: select c1_0.id,c1_0.available_seats,c1_0.course_name from courses c1_0 where c1_0.id=?
Hibernate: select e1_0.id from enrollments e1_0 left join students s1_0 on s1_0.id=e1_0.student_id left join courses c1_0 on c1_0.id=e1_0.course_id where s1_0.id=? and c1_0.id=? fetch first ? rows only
Hibernate: insert into enrollments (course_id,enrollment_date,student_id,id) values (?,?,?,default)
[JMS PRODUCER] Notification sent to queue: Student [Hannah Abbott] has successfully enrolled in course [MTH301: Calculus III].
========================================================
[EMAIL NOTIFICATION] Processing message from queue...
[EMAIL NOTIFICATION] Student [Hannah Abbott] has successfully enrolled in course [MTH301: Calculus III].
[EMAIL NOTIFICATION] Email sent successfully (simulated).
========================================================
Hibernate: update courses set available_seats=?,course_name=? where id=?
Hibernate: select s1_0.id,s1_0.email,s1_0.name,s1_0.password from students s1_0 where s1_0.id=?
Hibernate: select c1_0.id,c1_0.available_seats,c1_0.course_name from courses c1_0 where c1_0.id=?
Hibernate: select e1_0.id from enrollments e1_0 left join students s1_0 on s1_0.id=e1_0.student_id left join courses c1_0 on c1_0.id=e1_0.course_id where s1_0.id=? and c1_0.id=? fetch first ? rows only
Hibernate: insert into enrollments (course_id,enrollment_date,student_id,id) values (?,?,?,default)
[JMS PRODUCER] Notification sent to queue: Student [Hannah Abbott] has successfully enrolled in course [PSY101: Psychology].
========================================================
[EMAIL NOTIFICATION] Processing message from queue...
[EMAIL NOTIFICATION] Student [Hannah Abbott] has successfully enrolled in course [PSY101: Psychology].
[EMAIL NOTIFICATION] Email sent successfully (simulated).
========================================================
Hibernate: update courses set available_seats=?,course_name=? where id=?
Hibernate: select s1_0.id,s1_0.email,s1_0.name,s1_0.password from students s1_0 where s1_0.id=?
Hibernate: select c1_0.id,c1_0.available_seats,c1_0.course_name from courses c1_0 where c1_0.id=?
Hibernate: select e1_0.id from enrollments e1_0 left join students s1_0 on s1_0.id=e1_0.student_id left join courses c1_0 on c1_0.id=e1_0.course_id where s1_0.id=? and c1_0.id=? fetch first ? rows only
Hibernate: insert into enrollments (course_id,enrollment_date,student_id,id) values (?,?,?,default)
[JMS PRODUCER] Notification sent to queue: Student [Ian Wright] has successfully enrolled in course [CS101: Intro to Computer Science].
========================================================
[EMAIL NOTIFICATION] Processing message from queue...
[EMAIL NOTIFICATION] Student [Ian Wright] has successfully enrolled in course [CS101: Intro to Computer Science].
[EMAIL NOTIFICATION] Email sent successfully (simulated).
========================================================
Hibernate: update courses set available_seats=?,course_name=? where id=?
Hibernate: select s1_0.id,s1_0.email,s1_0.name,s1_0.password from students s1_0 where s1_0.id=?
Hibernate: select c1_0.id,c1_0.available_seats,c1_0.course_name from courses c1_0 where c1_0.id=?
Hibernate: select e1_0.id from enrollments e1_0 left join students s1_0 on s1_0.id=e1_0.student_id left join courses c1_0 on c1_0.id=e1_0.course_id where s1_0.id=? and c1_0.id=? fetch first ? rows only
Hibernate: insert into enrollments (course_id,enrollment_date,student_id,id) values (?,?,?,default)
[JMS PRODUCER] Notification sent to queue: Student [Ian Wright] has successfully enrolled in course [ART101: Art History].
========================================================
[EMAIL NOTIFICATION] Processing message from queue...
[EMAIL NOTIFICATION] Student [Ian Wright] has successfully enrolled in course [ART101: Art History].
[EMAIL NOTIFICATION] Email sent successfully (simulated).
========================================================
Hibernate: update courses set available_seats=?,course_name=? where id=?
Hibernate: select s1_0.id,s1_0.email,s1_0.name,s1_0.password from students s1_0 where s1_0.id=?
Hibernate: select c1_0.id,c1_0.available_seats,c1_0.course_name from courses c1_0 where c1_0.id=?
Hibernate: select e1_0.id from enrollments e1_0 left join students s1_0 on s1_0.id=e1_0.student_id left join courses c1_0 on c1_0.id=e1_0.course_id where s1_0.id=? and c1_0.id=? fetch first ? rows only
Hibernate: insert into enrollments (course_id,enrollment_date,student_id,id) values (?,?,?,default)
[JMS PRODUCER] Notification sent to queue: Student [Jane Doe] has successfully enrolled in course [SOC101: Sociology].
========================================================
[EMAIL NOTIFICATION] Processing message from queue...
[EMAIL NOTIFICATION] Student [Jane Doe] has successfully enrolled in course [SOC101: Sociology].
[EMAIL NOTIFICATION] Email sent successfully (simulated).
========================================================
Hibernate: update courses set available_seats=?,course_name=? where id=?
Hibernate: select s1_0.id,s1_0.email,s1_0.name,s1_0.password from students s1_0 where s1_0.id=?
Hibernate: select c1_0.id,c1_0.available_seats,c1_0.course_name from courses c1_0 where c1_0.id=?
Hibernate: select e1_0.id from enrollments e1_0 left join students s1_0 on s1_0.id=e1_0.student_id left join courses c1_0 on c1_0.id=e1_0.course_id where s1_0.id=? and c1_0.id=? fetch first ? rows only
Hibernate: insert into enrollments (course_id,enrollment_date,student_id,id) values (?,?,?,default)
[JMS PRODUCER] Notification sent to queue: Student [Kevin Hart] has successfully enrolled in course [PSY101: Psychology].
========================================================
[EMAIL NOTIFICATION] Processing message from queue...
[EMAIL NOTIFICATION] Student [Kevin Hart] has successfully enrolled in course [PSY101: Psychology].
[EMAIL NOTIFICATION] Email sent successfully (simulated).
========================================================
Hibernate: update courses set available_seats=?,course_name=? where id=?
Database seeding completed successfully!
2026-03-05T23:47:25.024+05:30  INFO 31656 --- [course-registration] [nio-8080-exec-1] o.a.c.c.C.[Tomcat].[localhost].[/]       : Initializing Spring DispatcherServlet 'dispatcherServlet'
2026-03-05T23:47:25.024+05:30  INFO 31656 --- [course-registration] [nio-8080-exec-1] o.s.web.servlet.DispatcherServlet        : Initializing Servlet 'dispatcherServlet'
2026-03-05T23:47:25.026+05:30  INFO 31656 --- [course-registration] [nio-8080-exec-1] o.s.web.servlet.DispatcherServlet        : Completed initialization in 1 ms
Hibernate: select s1_0.id,s1_0.email,s1_0.name,s1_0.password from students s1_0 where s1_0.email=?
Hibernate: select c1_0.id,c1_0.available_seats,c1_0.course_name from courses c1_0
Hibernate: select e1_0.id,e1_0.course_id,e1_0.enrollment_date,e1_0.student_id from enrollments e1_0
Hibernate: select c1_0.id,c1_0.available_seats,c1_0.course_name from courses c1_0 where c1_0.id=?
Hibernate: select s1_0.id,s1_0.email,s1_0.name,s1_0.password from students s1_0 where s1_0.id=?
Hibernate: select c1_0.id,c1_0.available_seats,c1_0.course_name from courses c1_0 where c1_0.id=?
Hibernate: select c1_0.id,c1_0.available_seats,c1_0.course_name from courses c1_0 where c1_0.id=?
Hibernate: select s1_0.id,s1_0.email,s1_0.name,s1_0.password from students s1_0 where s1_0.id=?
Hibernate: select c1_0.id,c1_0.available_seats,c1_0.course_name from courses c1_0 where c1_0.id=?
Hibernate: select s1_0.id,s1_0.email,s1_0.name,s1_0.password from students s1_0 where s1_0.id=?
Hibernate: select c1_0.id,c1_0.available_seats,c1_0.course_name from courses c1_0 where c1_0.id=?
Hibernate: select c1_0.id,c1_0.available_seats,c1_0.course_name from courses c1_0 where c1_0.id=?
Hibernate: select s1_0.id,s1_0.email,s1_0.name,s1_0.password from students s1_0 where s1_0.id=?
Hibernate: select c1_0.id,c1_0.available_seats,c1_0.course_name from courses c1_0 where c1_0.id=?
Hibernate: select c1_0.id,c1_0.available_seats,c1_0.course_name from courses c1_0 where c1_0.id=?
Hibernate: select s1_0.id,s1_0.email,s1_0.name,s1_0.password from students s1_0 where s1_0.id=?
Hibernate: select c1_0.id,c1_0.available_seats,c1_0.course_name from courses c1_0 where c1_0.id=?
Hibernate: select s1_0.id,s1_0.email,s1_0.name,s1_0.password from students s1_0 where s1_0.id=?
Hibernate: select c1_0.id,c1_0.available_seats,c1_0.course_name from courses c1_0 where c1_0.id=?
Hibernate: select s1_0.id,s1_0.email,s1_0.name,s1_0.password from students s1_0 where s1_0.id=?
Hibernate: select c1_0.id,c1_0.available_seats,c1_0.course_name from courses c1_0 where c1_0.id=?
Hibernate: select s1_0.id,s1_0.email,s1_0.name,s1_0.password from students s1_0 where s1_0.id=?
Hibernate: select s1_0.id,s1_0.email,s1_0.name,s1_0.password from students s1_0 where s1_0.id=?
Hibernate: select c1_0.id,c1_0.available_seats,c1_0.course_name from courses c1_0 where c1_0.id=?
Hibernate: select s1_0.id,s1_0.email,s1_0.name,s1_0.password from students s1_0 where s1_0.id=?
Hibernate: select s1_0.id,s1_0.email,s1_0.name,s1_0.password from students s1_0 where s1_0.id=?
Hibernate: select s1_0.id,s1_0.email,s1_0.name,s1_0.password from students s1_0 where s1_0.id=?
Hibernate: select c1_0.id,c1_0.available_seats,c1_0.course_name from courses c1_0 where c1_0.id=?
Hibernate: select e1_0.id from enrollments e1_0 left join students s1_0 on s1_0.id=e1_0.student_id left join courses c1_0 on c1_0.id=e1_0.course_id where s1_0.id=? and c1_0.id=? fetch first ? rows only
Hibernate: select c1_0.id,c1_0.available_seats,c1_0.course_name from courses c1_0
Hibernate: select e1_0.id,e1_0.course_id,e1_0.enrollment_date,e1_0.student_id from enrollments e1_0
Hibernate: select c1_0.id,c1_0.available_seats,c1_0.course_name from courses c1_0 where c1_0.id=?
Hibernate: select s1_0.id,s1_0.email,s1_0.name,s1_0.password from students s1_0 where s1_0.id=?
Hibernate: select c1_0.id,c1_0.available_seats,c1_0.course_name from courses c1_0 where c1_0.id=?
Hibernate: select c1_0.id,c1_0.available_seats,c1_0.course_name from courses c1_0 where c1_0.id=?
Hibernate: select s1_0.id,s1_0.email,s1_0.name,s1_0.password from students s1_0 where s1_0.id=?
Hibernate: select c1_0.id,c1_0.available_seats,c1_0.course_name from courses c1_0 where c1_0.id=?
Hibernate: select s1_0.id,s1_0.email,s1_0.name,s1_0.password from students s1_0 where s1_0.id=?
Hibernate: select c1_0.id,c1_0.available_seats,c1_0.course_name from courses c1_0 where c1_0.id=?
Hibernate: select c1_0.id,c1_0.available_seats,c1_0.course_name from courses c1_0 where c1_0.id=?
Hibernate: select s1_0.id,s1_0.email,s1_0.name,s1_0.password from students s1_0 where s1_0.id=?
Hibernate: select c1_0.id,c1_0.available_seats,c1_0.course_name from courses c1_0 where c1_0.id=?
Hibernate: select c1_0.id,c1_0.available_seats,c1_0.course_name from courses c1_0 where c1_0.id=?
Hibernate: select s1_0.id,s1_0.email,s1_0.name,s1_0.password from students s1_0 where s1_0.id=?
Hibernate: select c1_0.id,c1_0.available_seats,c1_0.course_name from courses c1_0 where c1_0.id=?
Hibernate: select s1_0.id,s1_0.email,s1_0.name,s1_0.password from students s1_0 where s1_0.id=?
Hibernate: select c1_0.id,c1_0.available_seats,c1_0.course_name from courses c1_0 where c1_0.id=?
Hibernate: select s1_0.id,s1_0.email,s1_0.name,s1_0.password from students s1_0 where s1_0.id=?
Hibernate: select c1_0.id,c1_0.available_seats,c1_0.course_name from courses c1_0 where c1_0.id=?
Hibernate: select s1_0.id,s1_0.email,s1_0.name,s1_0.password from students s1_0 where s1_0.id=?
Hibernate: select s1_0.id,s1_0.email,s1_0.name,s1_0.password from students s1_0 where s1_0.id=?
Hibernate: select c1_0.id,c1_0.available_seats,c1_0.course_name from courses c1_0 where c1_0.id=?
Hibernate: select s1_0.id,s1_0.email,s1_0.name,s1_0.password from students s1_0 where s1_0.id=?
Hibernate: select s1_0.id,s1_0.email,s1_0.name,s1_0.password from students s1_0 where s1_0.id=?
Hibernate: select s1_0.id,s1_0.email,s1_0.name,s1_0.password from students s1_0 where s1_0.id=?
Hibernate: select c1_0.id,c1_0.available_seats,c1_0.course_name from courses c1_0 where c1_0.id=?
Hibernate: select e1_0.id from enrollments e1_0 left join students s1_0 on s1_0.id=e1_0.student_id left join courses c1_0 on c1_0.id=e1_0.course_id where s1_0.id=? and c1_0.id=? fetch first ? rows only
Hibernate: insert into enrollments (course_id,enrollment_date,student_id,id) values (?,?,?,default)
[JMS PRODUCER] Notification sent to queue: Student [Alice Smith] has successfully enrolled in course [CHM101: General Chemistry].
========================================================
[EMAIL NOTIFICATION] Processing message from queue...
[EMAIL NOTIFICATION] Student [Alice Smith] has successfully enrolled in course [CHM101: General Chemistry].
[EMAIL NOTIFICATION] Email sent successfully (simulated).
========================================================
Hibernate: update courses set available_seats=?,course_name=? where id=?
Hibernate: select c1_0.id,c1_0.available_seats,c1_0.course_name from courses c1_0
Hibernate: select e1_0.id,e1_0.course_id,e1_0.enrollment_date,e1_0.student_id from enrollments e1_0
Hibernate: select c1_0.id,c1_0.available_seats,c1_0.course_name from courses c1_0 where c1_0.id=?
Hibernate: select s1_0.id,s1_0.email,s1_0.name,s1_0.password from students s1_0 where s1_0.id=?
Hibernate: select c1_0.id,c1_0.available_seats,c1_0.course_name from courses c1_0 where c1_0.id=?
Hibernate: select c1_0.id,c1_0.available_seats,c1_0.course_name from courses c1_0 where c1_0.id=?
Hibernate: select s1_0.id,s1_0.email,s1_0.name,s1_0.password from students s1_0 where s1_0.id=?
Hibernate: select c1_0.id,c1_0.available_seats,c1_0.course_name from courses c1_0 where c1_0.id=?
Hibernate: select s1_0.id,s1_0.email,s1_0.name,s1_0.password from students s1_0 where s1_0.id=?
Hibernate: select c1_0.id,c1_0.available_seats,c1_0.course_name from courses c1_0 where c1_0.id=?
Hibernate: select c1_0.id,c1_0.available_seats,c1_0.course_name from courses c1_0 where c1_0.id=?
Hibernate: select s1_0.id,s1_0.email,s1_0.name,s1_0.password from students s1_0 where s1_0.id=?
Hibernate: select c1_0.id,c1_0.available_seats,c1_0.course_name from courses c1_0 where c1_0.id=?
Hibernate: select c1_0.id,c1_0.available_seats,c1_0.course_name from courses c1_0 where c1_0.id=?
Hibernate: select s1_0.id,s1_0.email,s1_0.name,s1_0.password from students s1_0 where s1_0.id=?
Hibernate: select c1_0.id,c1_0.available_seats,c1_0.course_name from courses c1_0 where c1_0.id=?
Hibernate: select s1_0.id,s1_0.email,s1_0.name,s1_0.password from students s1_0 where s1_0.id=?
Hibernate: select c1_0.id,c1_0.available_seats,c1_0.course_name from courses c1_0 where c1_0.id=?
Hibernate: select s1_0.id,s1_0.email,s1_0.name,s1_0.password from students s1_0 where s1_0.id=?
Hibernate: select c1_0.id,c1_0.available_seats,c1_0.course_name from courses c1_0 where c1_0.id=?
Hibernate: select s1_0.id,s1_0.email,s1_0.name,s1_0.password from students s1_0 where s1_0.id=?
Hibernate: select s1_0.id,s1_0.email,s1_0.name,s1_0.password from students s1_0 where s1_0.id=?
Hibernate: select c1_0.id,c1_0.available_seats,c1_0.course_name from courses c1_0 where c1_0.id=?
Hibernate: select s1_0.id,s1_0.email,s1_0.name,s1_0.password from students s1_0 where s1_0.id=?
Hibernate: select s1_0.id,s1_0.email,s1_0.name,s1_0.password from students s1_0 where s1_0.id=?
Hibernate: select s1_0.id,s1_0.email,s1_0.name,s1_0.password from students s1_0 where s1_0.email=?
Hibernate: insert into students (email,name,password,id) values (?,?,?,default)
Hibernate: select s1_0.id,s1_0.email,s1_0.name,s1_0.password from students s1_0 where s1_0.email=?
Hibernate: select c1_0.id,c1_0.available_seats,c1_0.course_name from courses c1_0
Hibernate: select e1_0.id,e1_0.course_id,e1_0.enrollment_date,e1_0.student_id from enrollments e1_0
Hibernate: select c1_0.id,c1_0.available_seats,c1_0.course_name from courses c1_0 where c1_0.id=?
Hibernate: select s1_0.id,s1_0.email,s1_0.name,s1_0.password from students s1_0 where s1_0.id=?
Hibernate: select c1_0.id,c1_0.available_seats,c1_0.course_name from courses c1_0 where c1_0.id=?
Hibernate: select c1_0.id,c1_0.available_seats,c1_0.course_name from courses c1_0 where c1_0.id=?
Hibernate: select s1_0.id,s1_0.email,s1_0.name,s1_0.password from students s1_0 where s1_0.id=?
Hibernate: select c1_0.id,c1_0.available_seats,c1_0.course_name from courses c1_0 where c1_0.id=?
Hibernate: select s1_0.id,s1_0.email,s1_0.name,s1_0.password from students s1_0 where s1_0.id=?
Hibernate: select c1_0.id,c1_0.available_seats,c1_0.course_name from courses c1_0 where c1_0.id=?
Hibernate: select c1_0.id,c1_0.available_seats,c1_0.course_name from courses c1_0 where c1_0.id=?
Hibernate: select s1_0.id,s1_0.email,s1_0.name,s1_0.password from students s1_0 where s1_0.id=?
Hibernate: select c1_0.id,c1_0.available_seats,c1_0.course_name from courses c1_0 where c1_0.id=?
Hibernate: select c1_0.id,c1_0.available_seats,c1_0.course_name from courses c1_0 where c1_0.id=?
Hibernate: select s1_0.id,s1_0.email,s1_0.name,s1_0.password from students s1_0 where s1_0.id=?
Hibernate: select c1_0.id,c1_0.available_seats,c1_0.course_name from courses c1_0 where c1_0.id=?
Hibernate: select s1_0.id,s1_0.email,s1_0.name,s1_0.password from students s1_0 where s1_0.id=?
Hibernate: select c1_0.id,c1_0.available_seats,c1_0.course_name from courses c1_0 where c1_0.id=?
Hibernate: select s1_0.id,s1_0.email,s1_0.name,s1_0.password from students s1_0 where s1_0.id=?
Hibernate: select c1_0.id,c1_0.available_seats,c1_0.course_name from courses c1_0 where c1_0.id=?
Hibernate: select s1_0.id,s1_0.email,s1_0.name,s1_0.password from students s1_0 where s1_0.id=?
Hibernate: select s1_0.id,s1_0.email,s1_0.name,s1_0.password from students s1_0 where s1_0.id=?
Hibernate: select c1_0.id,c1_0.available_seats,c1_0.course_name from courses c1_0 where c1_0.id=?
Hibernate: select s1_0.id,s1_0.email,s1_0.name,s1_0.password from students s1_0 where s1_0.id=?
Hibernate: select s1_0.id,s1_0.email,s1_0.name,s1_0.password from students s1_0 where s1_0.id=?
Hibernate: select s1_0.id,s1_0.email,s1_0.name,s1_0.password from students s1_0 where s1_0.id=?
Hibernate: select c1_0.id,c1_0.available_seats,c1_0.course_name from courses c1_0 where c1_0.id=?
Hibernate: select e1_0.id from enrollments e1_0 left join students s1_0 on s1_0.id=e1_0.student_id left join courses c1_0 on c1_0.id=e1_0.course_id where s1_0.id=? and c1_0.id=? fetch first ? rows only
Hibernate: insert into enrollments (course_id,enrollment_date,student_id,id) values (?,?,?,default)
[JMS PRODUCER] Notification sent to queue: Student [Stark123] has successfully enrolled in course [SOC101: Sociology].
========================================================
[EMAIL NOTIFICATION] Processing message from queue...
[EMAIL NOTIFICATION] Student [Stark123] has successfully enrolled in course [SOC101: Sociology].
[EMAIL NOTIFICATION] Email sent successfully (simulated).
========================================================
Hibernate: update courses set available_seats=?,course_name=? where id=?
Hibernate: select c1_0.id,c1_0.available_seats,c1_0.course_name from courses c1_0
Hibernate: select e1_0.id,e1_0.course_id,e1_0.enrollment_date,e1_0.student_id from enrollments e1_0
Hibernate: select c1_0.id,c1_0.available_seats,c1_0.course_name from courses c1_0 where c1_0.id=?
Hibernate: select s1_0.id,s1_0.email,s1_0.name,s1_0.password from students s1_0 where s1_0.id=?
Hibernate: select c1_0.id,c1_0.available_seats,c1_0.course_name from courses c1_0 where c1_0.id=?
Hibernate: select c1_0.id,c1_0.available_seats,c1_0.course_name from courses c1_0 where c1_0.id=?
Hibernate: select s1_0.id,s1_0.email,s1_0.name,s1_0.password from students s1_0 where s1_0.id=?
Hibernate: select c1_0.id,c1_0.available_seats,c1_0.course_name from courses c1_0 where c1_0.id=?
Hibernate: select s1_0.id,s1_0.email,s1_0.name,s1_0.password from students s1_0 where s1_0.id=?
Hibernate: select c1_0.id,c1_0.available_seats,c1_0.course_name from courses c1_0 where c1_0.id=?
Hibernate: select c1_0.id,c1_0.available_seats,c1_0.course_name from courses c1_0 where c1_0.id=?
Hibernate: select s1_0.id,s1_0.email,s1_0.name,s1_0.password from students s1_0 where s1_0.id=?
Hibernate: select c1_0.id,c1_0.available_seats,c1_0.course_name from courses c1_0 where c1_0.id=?
Hibernate: select c1_0.id,c1_0.available_seats,c1_0.course_name from courses c1_0 where c1_0.id=?
Hibernate: select s1_0.id,s1_0.email,s1_0.name,s1_0.password from students s1_0 where s1_0.id=?
Hibernate: select c1_0.id,c1_0.available_seats,c1_0.course_name from courses c1_0 where c1_0.id=?
Hibernate: select s1_0.id,s1_0.email,s1_0.name,s1_0.password from students s1_0 where s1_0.id=?
Hibernate: select c1_0.id,c1_0.available_seats,c1_0.course_name from courses c1_0 where c1_0.id=?
Hibernate: select s1_0.id,s1_0.email,s1_0.name,s1_0.password from students s1_0 where s1_0.id=?
Hibernate: select c1_0.id,c1_0.available_seats,c1_0.course_name from courses c1_0 where c1_0.id=?
Hibernate: select s1_0.id,s1_0.email,s1_0.name,s1_0.password from students s1_0 where s1_0.id=?
Hibernate: select s1_0.id,s1_0.email,s1_0.name,s1_0.password from students s1_0 where s1_0.id=?
Hibernate: select c1_0.id,c1_0.available_seats,c1_0.course_name from courses c1_0 where c1_0.id=?
Hibernate: select s1_0.id,s1_0.email,s1_0.name,s1_0.password from students s1_0 where s1_0.id=?
Hibernate: select s1_0.id,s1_0.email,s1_0.name,s1_0.password from students s1_0 where s1_0.id=?
Hibernate: select s1_0.id,s1_0.email,s1_0.name,s1_0.password from students s1_0 where s1_0.id=?
Hibernate: insert into students (email,name,password,id) values (?,?,?,default)
Hibernate: select s1_0.id,s1_0.email,s1_0.name,s1_0.password from students s1_0 where s1_0.email=?
Hibernate: select c1_0.id,c1_0.available_seats,c1_0.course_name from courses c1_0
Hibernate: select e1_0.id,e1_0.course_id,e1_0.enrollment_date,e1_0.student_id from enrollments e1_0
Hibernate: select c1_0.id,c1_0.available_seats,c1_0.course_name from courses c1_0 where c1_0.id=?
Hibernate: select s1_0.id,s1_0.email,s1_0.name,s1_0.password from students s1_0 where s1_0.id=?
Hibernate: select c1_0.id,c1_0.available_seats,c1_0.course_name from courses c1_0 where c1_0.id=?
Hibernate: select c1_0.id,c1_0.available_seats,c1_0.course_name from courses c1_0 where c1_0.id=?
Hibernate: select s1_0.id,s1_0.email,s1_0.name,s1_0.password from students s1_0 where s1_0.id=?
Hibernate: select c1_0.id,c1_0.available_seats,c1_0.course_name from courses c1_0 where c1_0.id=?
Hibernate: select s1_0.id,s1_0.email,s1_0.name,s1_0.password from students s1_0 where s1_0.id=?
Hibernate: select c1_0.id,c1_0.available_seats,c1_0.course_name from courses c1_0 where c1_0.id=?
Hibernate: select c1_0.id,c1_0.available_seats,c1_0.course_name from courses c1_0 where c1_0.id=?
Hibernate: select s1_0.id,s1_0.email,s1_0.name,s1_0.password from students s1_0 where s1_0.id=?
Hibernate: select c1_0.id,c1_0.available_seats,c1_0.course_name from courses c1_0 where c1_0.id=?
Hibernate: select c1_0.id,c1_0.available_seats,c1_0.course_name from courses c1_0 where c1_0.id=?
Hibernate: select s1_0.id,s1_0.email,s1_0.name,s1_0.password from students s1_0 where s1_0.id=?
Hibernate: select c1_0.id,c1_0.available_seats,c1_0.course_name from courses c1_0 where c1_0.id=?
Hibernate: select s1_0.id,s1_0.email,s1_0.name,s1_0.password from students s1_0 where s1_0.id=?
Hibernate: select c1_0.id,c1_0.available_seats,c1_0.course_name from courses c1_0 where c1_0.id=?
Hibernate: select s1_0.id,s1_0.email,s1_0.name,s1_0.password from students s1_0 where s1_0.id=?
Hibernate: select c1_0.id,c1_0.available_seats,c1_0.course_name from courses c1_0 where c1_0.id=?
Hibernate: select s1_0.id,s1_0.email,s1_0.name,s1_0.password from students s1_0 where s1_0.id=?
Hibernate: select s1_0.id,s1_0.email,s1_0.name,s1_0.password from students s1_0 where s1_0.id=?
Hibernate: select c1_0.id,c1_0.available_seats,c1_0.course_name from courses c1_0 where c1_0.id=?
Hibernate: select s1_0.id,s1_0.email,s1_0.name,s1_0.password from students s1_0 where s1_0.id=?
Hibernate: select s1_0.id,s1_0.email,s1_0.name,s1_0.password from students s1_0 where s1_0.id=?
Hibernate: select s1_0.id,s1_0.email,s1_0.name,s1_0.password from students s1_0 where s1_0.id=?
Hibernate: select s1_0.id,s1_0.email,s1_0.name,s1_0.password from students s1_0 where s1_0.id=?
Hibernate: select c1_0.id,c1_0.available_seats,c1_0.course_name from courses c1_0 where c1_0.id=?
Hibernate: select e1_0.id from enrollments e1_0 left join students s1_0 on s1_0.id=e1_0.student_id left join courses c1_0 on c1_0.id=e1_0.course_id where s1_0.id=? and c1_0.id=? fetch first ? rows only
Hibernate: insert into enrollments (course_id,enrollment_date,student_id,id) values (?,?,?,default)
[JMS PRODUCER] Notification sent to queue: Student [coc] has successfully enrolled in course [SOC101: Sociology].
========================================================
[EMAIL NOTIFICATION] Processing message from queue...
[EMAIL NOTIFICATION] Student [coc] has successfully enrolled in course [SOC101: Sociology].
[EMAIL NOTIFICATION] Email sent successfully (simulated).
========================================================
Hibernate: update courses set available_seats=?,course_name=? where id=?
Hibernate: select c1_0.id,c1_0.available_seats,c1_0.course_name from courses c1_0
Hibernate: select e1_0.id,e1_0.course_id,e1_0.enrollment_date,e1_0.student_id from enrollments e1_0
Hibernate: select c1_0.id,c1_0.available_seats,c1_0.course_name from courses c1_0 where c1_0.id=?
Hibernate: select s1_0.id,s1_0.email,s1_0.name,s1_0.password from students s1_0 where s1_0.id=?
Hibernate: select c1_0.id,c1_0.available_seats,c1_0.course_name from courses c1_0 where c1_0.id=?
Hibernate: select c1_0.id,c1_0.available_seats,c1_0.course_name from courses c1_0 where c1_0.id=?
Hibernate: select s1_0.id,s1_0.email,s1_0.name,s1_0.password from students s1_0 where s1_0.id=?
Hibernate: select c1_0.id,c1_0.available_seats,c1_0.course_name from courses c1_0 where c1_0.id=?
Hibernate: select s1_0.id,s1_0.email,s1_0.name,s1_0.password from students s1_0 where s1_0.id=?
Hibernate: select c1_0.id,c1_0.available_seats,c1_0.course_name from courses c1_0 where c1_0.id=?
Hibernate: select c1_0.id,c1_0.available_seats,c1_0.course_name from courses c1_0 where c1_0.id=?
Hibernate: select s1_0.id,s1_0.email,s1_0.name,s1_0.password from students s1_0 where s1_0.id=?
Hibernate: select c1_0.id,c1_0.available_seats,c1_0.course_name from courses c1_0 where c1_0.id=?
Hibernate: select c1_0.id,c1_0.available_seats,c1_0.course_name from courses c1_0 where c1_0.id=?
Hibernate: select s1_0.id,s1_0.email,s1_0.name,s1_0.password from students s1_0 where s1_0.id=?
Hibernate: select c1_0.id,c1_0.available_seats,c1_0.course_name from courses c1_0 where c1_0.id=?
Hibernate: select s1_0.id,s1_0.email,s1_0.name,s1_0.password from students s1_0 where s1_0.id=?
Hibernate: select c1_0.id,c1_0.available_seats,c1_0.course_name from courses c1_0 where c1_0.id=?
Hibernate: select s1_0.id,s1_0.email,s1_0.name,s1_0.password from students s1_0 where s1_0.id=?
Hibernate: select c1_0.id,c1_0.available_seats,c1_0.course_name from courses c1_0 where c1_0.id=?
Hibernate: select s1_0.id,s1_0.email,s1_0.name,s1_0.password from students s1_0 where s1_0.id=?
Hibernate: select s1_0.id,s1_0.email,s1_0.name,s1_0.password from students s1_0 where s1_0.id=?
Hibernate: select c1_0.id,c1_0.available_seats,c1_0.course_name from courses c1_0 where c1_0.id=?
Hibernate: select s1_0.id,s1_0.email,s1_0.name,s1_0.password from students s1_0 where s1_0.id=?
Hibernate: select s1_0.id,s1_0.email,s1_0.name,s1_0.password from students s1_0 where s1_0.id=?
Hibernate: select s1_0.id,s1_0.email,s1_0.name,s1_0.password from students s1_0 where s1_0.id=?
Hibernate: select s1_0.id,s1_0.email,s1_0.name,s1_0.password from students s1_0 where s1_0.id=?
Hibernate: select e1_0.id,e1_0.course_id,e1_0.enrollment_date,e1_0.student_id from enrollments e1_0 left join students s1_0 on s1_0.id=e1_0.student_id left join courses c1_0 on c1_0.id=e1_0.course_id where s1_0.id=? and c1_0.id=?
Hibernate: select c1_0.id,c1_0.available_seats,c1_0.course_name from courses c1_0 where c1_0.id=?
Hibernate: select s1_0.id,s1_0.email,s1_0.name,s1_0.password from students s1_0 where s1_0.id=?
Hibernate: update courses set available_seats=?,course_name=? where id=?
Hibernate: delete from enrollments where id=?
Hibernate: select c1_0.id,c1_0.available_seats,c1_0.course_name from courses c1_0
Hibernate: select e1_0.id,e1_0.course_id,e1_0.enrollment_date,e1_0.student_id from enrollments e1_0
Hibernate: select c1_0.id,c1_0.available_seats,c1_0.course_name from courses c1_0 where c1_0.id=?
Hibernate: select s1_0.id,s1_0.email,s1_0.name,s1_0.password from students s1_0 where s1_0.id=?
Hibernate: select c1_0.id,c1_0.available_seats,c1_0.course_name from courses c1_0 where c1_0.id=?
Hibernate: select c1_0.id,c1_0.available_seats,c1_0.course_name from courses c1_0 where c1_0.id=?
Hibernate: select s1_0.id,s1_0.email,s1_0.name,s1_0.password from students s1_0 where s1_0.id=?
Hibernate: select c1_0.id,c1_0.available_seats,c1_0.course_name from courses c1_0 where c1_0.id=?
Hibernate: select s1_0.id,s1_0.email,s1_0.name,s1_0.password from students s1_0 where s1_0.id=?
Hibernate: select c1_0.id,c1_0.available_seats,c1_0.course_name from courses c1_0 where c1_0.id=?
Hibernate: select c1_0.id,c1_0.available_seats,c1_0.course_name from courses c1_0 where c1_0.id=?
Hibernate: select s1_0.id,s1_0.email,s1_0.name,s1_0.password from students s1_0 where s1_0.id=?
Hibernate: select c1_0.id,c1_0.available_seats,c1_0.course_name from courses c1_0 where c1_0.id=?
Hibernate: select c1_0.id,c1_0.available_seats,c1_0.course_name from courses c1_0 where c1_0.id=?
Hibernate: select s1_0.id,s1_0.email,s1_0.name,s1_0.password from students s1_0 where s1_0.id=?
Hibernate: select c1_0.id,c1_0.available_seats,c1_0.course_name from courses c1_0 where c1_0.id=?
Hibernate: select s1_0.id,s1_0.email,s1_0.name,s1_0.password from students s1_0 where s1_0.id=?
Hibernate: select c1_0.id,c1_0.available_seats,c1_0.course_name from courses c1_0 where c1_0.id=?
Hibernate: select s1_0.id,s1_0.email,s1_0.name,s1_0.password from students s1_0 where s1_0.id=?
Hibernate: select c1_0.id,c1_0.available_seats,c1_0.course_name from courses c1_0 where c1_0.id=?
Hibernate: select s1_0.id,s1_0.email,s1_0.name,s1_0.password from students s1_0 where s1_0.id=?
Hibernate: select s1_0.id,s1_0.email,s1_0.name,s1_0.password from students s1_0 where s1_0.id=?
Hibernate: select c1_0.id,c1_0.available_seats,c1_0.course_name from courses c1_0 where c1_0.id=?
Hibernate: select s1_0.id,s1_0.email,s1_0.name,s1_0.password from students s1_0 where s1_0.id=?
Hibernate: select s1_0.id,s1_0.email,s1_0.name,s1_0.password from students s1_0 where s1_0.id=?
Hibernate: select s1_0.id,s1_0.email,s1_0.name,s1_0.password from students s1_0 where s1_0.id=?
Hibernate: select c1_0.id,c1_0.available_seats,c1_0.course_name from courses c1_0
Hibernate: select e1_0.id,e1_0.course_id,e1_0.enrollment_date,e1_0.student_id from enrollments e1_0
Hibernate: select c1_0.id,c1_0.available_seats,c1_0.course_name from courses c1_0 where c1_0.id=?
Hibernate: select s1_0.id,s1_0.email,s1_0.name,s1_0.password from students s1_0 where s1_0.id=?
Hibernate: select c1_0.id,c1_0.available_seats,c1_0.course_name from courses c1_0 where c1_0.id=?
Hibernate: select c1_0.id,c1_0.available_seats,c1_0.course_name from courses c1_0 where c1_0.id=?
Hibernate: select s1_0.id,s1_0.email,s1_0.name,s1_0.password from students s1_0 where s1_0.id=?
Hibernate: select c1_0.id,c1_0.available_seats,c1_0.course_name from courses c1_0 where c1_0.id=?
Hibernate: select s1_0.id,s1_0.email,s1_0.name,s1_0.password from students s1_0 where s1_0.id=?
Hibernate: select c1_0.id,c1_0.available_seats,c1_0.course_name from courses c1_0 where c1_0.id=?
Hibernate: select c1_0.id,c1_0.available_seats,c1_0.course_name from courses c1_0 where c1_0.id=?
Hibernate: select s1_0.id,s1_0.email,s1_0.name,s1_0.password from students s1_0 where s1_0.id=?
Hibernate: select c1_0.id,c1_0.available_seats,c1_0.course_name from courses c1_0 where c1_0.id=?
Hibernate: select c1_0.id,c1_0.available_seats,c1_0.course_name from courses c1_0 where c1_0.id=?
Hibernate: select s1_0.id,s1_0.email,s1_0.name,s1_0.password from students s1_0 where s1_0.id=?
Hibernate: select c1_0.id,c1_0.available_seats,c1_0.course_name from courses c1_0 where c1_0.id=?
Hibernate: select s1_0.id,s1_0.email,s1_0.name,s1_0.password from students s1_0 where s1_0.id=?
Hibernate: select c1_0.id,c1_0.available_seats,c1_0.course_name from courses c1_0 where c1_0.id=?
Hibernate: select s1_0.id,s1_0.email,s1_0.name,s1_0.password from students s1_0 where s1_0.id=?
Hibernate: select c1_0.id,c1_0.available_seats,c1_0.course_name from courses c1_0 where c1_0.id=?
Hibernate: select s1_0.id,s1_0.email,s1_0.name,s1_0.password from students s1_0 where s1_0.id=?
Hibernate: select s1_0.id,s1_0.email,s1_0.name,s1_0.password from students s1_0 where s1_0.id=?
Hibernate: select c1_0.id,c1_0.available_seats,c1_0.course_name from courses c1_0 where c1_0.id=?
Hibernate: select s1_0.id,s1_0.email,s1_0.name,s1_0.password from students s1_0 where s1_0.id=?
Hibernate: select s1_0.id,s1_0.email,s1_0.name,s1_0.password from students s1_0 where s1_0.id=?
Hibernate: select s1_0.id,s1_0.email,s1_0.name,s1_0.password from students s1_0 where s1_0.id=?
